<?xml version="1.0" encoding="utf-8"?><testsuites><testsuite name="pytest" errors="0" failures="0" skipped="0" tests="11" time="0.272" timestamp="2026-06-20T22:51:03.918285" hostname="LAPTOP-3QDP3IDF"><testcase classname="tests.l1_smoke.test_api_smoke" name="test_payment_api_health_check" time="0.081" /><testcase classname="tests.l1_smoke.test_api_smoke" name="test_payment_api_rejects_missing_required_fields" time="0.001" /><testcase classname="tests.l2_contract.test_iso20022_xml_schema_validation" name="test_iso20022_style_payment_xml_matches_xsd" time="0.002" /><testcase classname="tests.l2_contract.test_iso20022_xml_schema_validation" name="test_iso20022_style_payment_xml_rejects_missing_amount" time="0.003" /><testcase classname="tests.l2_contract.test_json_contract_validation" name="test_valid_payment_request_matches_contract" time="0.006" /><testcase classname="tests.l2_contract.test_json_contract_validation" name="test_invalid_payment_type_fails_contract" time="0.005" /><testcase classname="tests.l3_workflow.test_payment_lifecycle" name="test_payment_initiation_posting_settlement_lifecycle" time="0.002" /><testcase classname="tests.l3_workflow.test_payment_lifecycle" name="test_payment_cannot_settle_before_posting" time="0.001" /><testcase classname="tests.l4_reconciliation.test_sql_reconciliation_controls" name="test_payment_reconciliation_identifies_pass_and_fail_controls" time="0.003" /><testcase classname="tests.l5_governance.test_release_governance_gate" name="test_release_readiness_go_decision" time="0.001" /><testcase classname="tests.l5_governance.test_release_governance_gate" name="test_release_readiness_no_go_when_critical_defects_exist" time="0.001" /></testsuite></testsuites>